# Change Log

## 1.2.3

#### Example Summary

- Name: `Text`

