### <a id="changelog-heading-0003e8"></a> **api:** Some change

**Breaking Change:** Description of breaking change

Changelog entry body Line1  
Line2

Changelog entry body Line3  
Line4

- Commit: `0003E8`
