## New Features

- [**api:** Some change](#changelog-heading-0398ff29cc80d82071c735f75aea7d7ab8bbf9a3)

## Bug Fixes

- [**cli:** A bug was fixed](#changelog-heading-fecc81adb3c0389ded66e848b1cfd904fd7d7e5b)

## Details

### <a id="changelog-heading-0398ff29cc80d82071c735f75aea7d7ab8bbf9a3"></a> **api:** Some change

Changelog entry body Line1  
Line2

Changelog entry body Line3  
Line4

- Commit: `0398ff2`

### <a id="changelog-heading-fecc81adb3c0389ded66e848b1cfd904fd7d7e5b"></a> **cli:** A bug was fixed

- Commit: `fecc81a`
