## New Features

- [**scope1:** Some change](#changelog-heading-0398ff29cc80d82071c735f75aea7d7ab8bbf9a3)

## Bug Fixes

- [**scope2:** A bug was fixed](#changelog-heading-fecc81adb3c0389ded66e848b1cfd904fd7d7e5b)

## Details

### <a id="changelog-heading-0398ff29cc80d82071c735f75aea7d7ab8bbf9a3"></a> **scope1:** Some change

- See Also: Issue \#5

### <a id="changelog-heading-fecc81adb3c0389ded66e848b1cfd904fd7d7e5b"></a> **scope2:** A bug was fixed

- Reviewed by: someone@example.com
