## New Features

- [Some feature](#changelog-heading-05e15876bbf34b760498c7acb366ef371652750c)

## Fixed bugs

- [Some bug fix](#changelog-heading-fecc81adb3c0389ded66e848b1cfd904fd7d7e5b)

## Documentation Updates

- [A documentation change](#changelog-heading-0398ff29cc80d82071c735f75aea7d7ab8bbf9a3)

## Details

### <a id="changelog-heading-05e15876bbf34b760498c7acb366ef371652750c"></a> Some feature

### <a id="changelog-heading-fecc81adb3c0389ded66e848b1cfd904fd7d7e5b"></a> Some bug fix

### <a id="changelog-heading-0398ff29cc80d82071c735f75aea7d7ab8bbf9a3"></a> A documentation change

