#### Documentation Updates

- [A documentation change](#a-documentation-change)

#### Fixed bugs

- [Some bug fix](#some-bug-fix)

#### New Features

- [Some feature](#some-feature)

#### Details

##### A documentation change

- Commit: `0003E8`

##### Some bug fix

- Commit: `00044C`

##### Some feature

- Commit: `0004B0`
