#### New Features

- [**Scope 1 Display Name:** Some change](#scope-1-display-name-some-change)

#### Bug Fixes

- [**scope2:** A bug was fixed](#scope2-a-bug-was-fixed)

#### Details

##### **Scope 1 Display Name:** Some change

##### **scope2:** A bug was fixed
