#### New Features

- [**api:** Some change](#api-some-change)

#### Bug Fixes

- [**cli:** A bug was fixed](#cli-a-bug-was-fixed)
- [A breaking bugfix](#a-breaking-bugfix)

#### Code Refactorings

- [Some breaking change](#some-breaking-change)

#### Breaking Changes

- [Some breaking change](#some-breaking-change)
- [A breaking bugfix](#a-breaking-bugfix)

#### Details

##### **api:** Some change

Changelog entry body Line1
Line2

Changelog entry body Line3
Line4

##### **cli:** A bug was fixed

##### A breaking bugfix

**Breaking Change**

##### Some breaking change

**Breaking Change**

