#### New Features

- [**api:** Some change](#api-some-change)

#### Bug Fixes

- [**cli:** A bug was fixed](#cli-a-bug-was-fixed)

#### Details

##### **api:** Some change

Changelog entry body Line1  
Line2

Changelog entry body Line3  
Line4

- Commit: `0398ff2`

##### **cli:** A bug was fixed

- Commit: `fecc81a`
