#### New Features

- [**api:** Some change](#api-some-change)
- [Some other change](#some-other-change)

#### Bug Fixes

- [**cli:** A bug was fixed](#cli-a-bug-was-fixed)

#### Details

##### **api:** Some change

##### Some other change

##### **cli:** A bug was fixed
