#### New Features

- [Some feature](#some-feature)

#### Bug Fixes

- [Some bug fix](#some-bug-fix)

#### Details

##### Some feature

- See Also: [Some bug fix](#some-bug-fix)

##### Some bug fix
