#### New Features

- [Some feature](#some-feature)

#### Fixed bugs

- [Some bug fix](#some-bug-fix)

#### Documentation Updates

- [A documentation change](#a-documentation-change)

#### Details

##### Some feature

##### Some bug fix

##### A documentation change
