#### New Features

- [Some change](#some-change)
- [Some other change](#some-other-change)

#### Bug Fixes

- [A bug was fixed](#a-bug-was-fixed)

#### Details

##### Some change

- Commit: `0398ff2`

##### Some other change

- Commit: `05e1587`

##### A bug was fixed

- Commit: `fecc81a`
