##### **scope1:** Some change

- Commit: [`abcd123`](http://example.com/some-link)
