<!DOCTYPE html>
<html lang="en">
<head>
    <meta charset="UTF-8">
    <meta http-equiv="X-UA-Compatible" content="IE=edge">
    <meta name="viewport" content="width=device-width, initial-scale=1.0">
    <title>Change Log</title>
</head>
<body>
    <div class="changelog">

        <div class="changelog-header">
            <h1>Change Log</h1>
        </div>

        <div class="changelog-content">


                <div class="changelog-version">
                    <div class="changelog-version-header">
                        <h2>1.2.3</h2>
                    </div>

                    <div class="changelog-version-content">
                            <div class="changelog-version-summary">

    <div class="changelog-version-summary-list">
        <div class="changelog-version-summary-list-header">
            <h3>New Features</h3>
        </div>
        <div class="changelog-version-summary-list-content">
            <ul>
                    <li>Some feature</li>
            </ul>
        </div>
    </div>
    <div class="changelog-version-summary-list">
        <div class="changelog-version-summary-list-header">
            <h3>Bug Fixes</h3>
        </div>
        <div class="changelog-version-summary-list-content">
            <ul>
                    <li>Some bug fix</li>
            </ul>
        </div>
    </div>

    
</div>
                            <div class="changelog-version-details">
    <div class="changelog-version-details-header">
        <h3>Details</h3>
    </div>
    <div class="changelog-version-details-content">
        <div class="changelog-entry">
    <div class="changelog-entry-header">
        
        <h4>Some feature</h4>
    </div>
    <div class="changelog-entry-content">


        <ul>
                <li>
                    See Also: <a href="https://example.com/">Example</a>
                </li>
        </ul>
    </div>
</div>
        <div class="changelog-entry">
    <div class="changelog-entry-header">
        
        <h4>Some bug fix</h4>
    </div>
    <div class="changelog-entry-content">


    </div>
</div>
    </div>
</div>
                    </div>
                </div>

        </div>
    </div>
</body>
</html>
