<!DOCTYPE html>
<html lang="en">
<head>
    <meta charset="UTF-8">
    <meta http-equiv="X-UA-Compatible" content="IE=edge">
    <meta name="viewport" content="width=device-width, initial-scale=1.0">
    <title>Change Log</title>
</head>
<body>
    <div class="changelog">

        <div class="changelog-header">
            <h1>Change Log</h1>
        </div>

        <div class="changelog-content">


                <div class="changelog-version">
                    <div class="changelog-version-header">
                        <h2>1.2.3</h2>
                    </div>

                    <div class="changelog-version-content">
                            <i>No changes found.</i>
                    </div>
                </div>

        </div>
    </div>
</body>
</html>
