# Change Log




## 1.2.3

### New Features

- [Some feature](#05e1587)

### Fixed bugs

- [Some bug fix](#fecc81a)

### Documentation Updates

- [A documentation change](#0398ff2)




### Details


#### Some feature





#### Some bug fix





#### A documentation change








