# Change Log

## 1.2.3

### New Features

- [Some feature](#efgh567)

### Bug Fixes

- [**scope:** Some bug fix](#abcd123)

### Details

#### Some feature

- See Also: [**scope:** Some bug fix](#abcd123)

#### **scope:** Some bug fix


