# Change Log




## 1.2.3

    
#### **scope1:** Some change



- Commit: [`abcd123`](http://example.com/some-link)



