# Change Log

## 1.2.3

### New Features

- [**api:** Some change](#0398ff2)

### Bug Fixes

- [**cli:** A bug was fixed](#fecc81a)

### Details

#### **api:** Some change

Changelog entry body Line1
Line2

Changelog entry body Line3
Line4

#### **cli:** A bug was fixed


