# Change Log

## 1.2.3

#### **api:** Some change

**Breaking Change**

Changelog entry body Line1
Line2

Changelog entry body Line3
Line4

