# <a id="heading-v123"></a> 1.2.3

## <a id="heading-v123-overview"></a> Overview

### <a id="heading-v123-overview-features"></a> Features

- [**scope1:** A new feature](#heading-some-id)
- [**scope2:** Another feature](#heading-some-other-id)

___

## <a id="heading-v123-details"></a> Details

### <a id="heading-v123-details-features"></a> Features

#### <a id="heading-some-id"></a> **scope1:** A new feature

Commit: `Some ID`

___

#### <a id="heading-some-other-id"></a> **scope2:** Another feature

Commit: `Some other ID`

___
