# <a id="heading-v123"></a> 1.2.3

## <a id="heading-v123-overview"></a> Overview

### <a id="heading-v123-overview-features"></a> Features

- [Newer change](#heading-id2)
- [Older change](#heading-id1)

___

## <a id="heading-v123-details"></a> Details

### <a id="heading-v123-details-features"></a> Features

#### <a id="heading-id2"></a> Newer change

Commit: `id2`

___

#### <a id="heading-id1"></a> Older change

Commit: `id1`

**💥 This is a breaking change.**

___
