# Change Log

## 4.5.6

*No changes found.*

## 1.2.3

*No changes found.*
